REG
1001
Introduction to Programming
3
LAB
1002
Physics Lab
Dr. Smith
Room 101
SEM
1003
Advanced Mathematics
14:00
16:00
REG
1001
Introduction to Pascal
4
