REG
1001
Introduction to Programming
3
LAB
1008
Somthing complicated
Prof. H
Lidov
SEM
1100
Advanced Topics in advanced material
09:00
11:00
