true.

L = [[bt(3, [bt(5, [bt(7, [])]), bt(4, [])])]].


L = [[bt(1, [bt(5, [])])]].


