true.

L = [[[4, 5]]].

L = [[[2, 3, 4, 5]]].


L = [[[1, 2, 3, 4, 5]]].


