true.

true.

false.

false.

true.

L = [[3, 17], [7, 13], [13, 7], [17, 3]].


